vice.atomic_number :: Success
vice.sources :: Success
vice.solar_z :: Success
vice.yields.ccsne.settings :: Success
vice.yields.sneia.settings :: Success
vice.dataframe :: Success
