LC18 :: -3 :: 0 :: kroupa :: simpson :: Success
LC18 :: -3 :: 0 :: kroupa :: trapezoid :: Success
LC18 :: -3 :: 0 :: kroupa :: midpoint :: Success
LC18 :: -3 :: 0 :: kroupa :: euler :: Success
LC18 :: -3 :: 0 :: salpeter :: simpson :: Success
LC18 :: -3 :: 0 :: salpeter :: trapezoid :: Success
LC18 :: -3 :: 0 :: salpeter :: midpoint :: Success
LC18 :: -3 :: 0 :: salpeter :: euler :: Success
LC18 :: -3 :: 150 :: kroupa :: simpson :: Success
LC18 :: -3 :: 150 :: kroupa :: trapezoid :: Success
LC18 :: -3 :: 150 :: kroupa :: midpoint :: Success
LC18 :: -3 :: 150 :: kroupa :: euler :: Success
LC18 :: -3 :: 150 :: salpeter :: simpson :: Success
LC18 :: -3 :: 150 :: salpeter :: trapezoid :: Success
LC18 :: -3 :: 150 :: salpeter :: midpoint :: Success
LC18 :: -3 :: 150 :: salpeter :: euler :: Success
LC18 :: -3 :: 300 :: kroupa :: simpson :: Success
LC18 :: -3 :: 300 :: kroupa :: trapezoid :: Success
LC18 :: -3 :: 300 :: kroupa :: midpoint :: Success
LC18 :: -3 :: 300 :: kroupa :: euler :: Success
LC18 :: -3 :: 300 :: salpeter :: simpson :: Success
LC18 :: -3 :: 300 :: salpeter :: trapezoid :: Success
LC18 :: -3 :: 300 :: salpeter :: midpoint :: Success
LC18 :: -3 :: 300 :: salpeter :: euler :: Success
LC18 :: -2 :: 0 :: kroupa :: simpson :: Success
LC18 :: -2 :: 0 :: kroupa :: trapezoid :: Success
LC18 :: -2 :: 0 :: kroupa :: midpoint :: Success
LC18 :: -2 :: 0 :: kroupa :: euler :: Success
LC18 :: -2 :: 0 :: salpeter :: simpson :: Success
LC18 :: -2 :: 0 :: salpeter :: trapezoid :: Success
LC18 :: -2 :: 0 :: salpeter :: midpoint :: Success
LC18 :: -2 :: 0 :: salpeter :: euler :: Success
LC18 :: -2 :: 150 :: kroupa :: simpson :: Success
LC18 :: -2 :: 150 :: kroupa :: trapezoid :: Success
LC18 :: -2 :: 150 :: kroupa :: midpoint :: Success
LC18 :: -2 :: 150 :: kroupa :: euler :: Success
LC18 :: -2 :: 150 :: salpeter :: simpson :: Success
LC18 :: -2 :: 150 :: salpeter :: trapezoid :: Success
LC18 :: -2 :: 150 :: salpeter :: midpoint :: Success
LC18 :: -2 :: 150 :: salpeter :: euler :: Success
LC18 :: -2 :: 300 :: kroupa :: simpson :: Success
LC18 :: -2 :: 300 :: kroupa :: trapezoid :: Success
LC18 :: -2 :: 300 :: kroupa :: midpoint :: Success
LC18 :: -2 :: 300 :: kroupa :: euler :: Success
LC18 :: -2 :: 300 :: salpeter :: simpson :: Success
LC18 :: -2 :: 300 :: salpeter :: trapezoid :: Success
LC18 :: -2 :: 300 :: salpeter :: midpoint :: Success
LC18 :: -2 :: 300 :: salpeter :: euler :: Success
LC18 :: -1 :: 0 :: kroupa :: simpson :: Success
LC18 :: -1 :: 0 :: kroupa :: trapezoid :: Success
LC18 :: -1 :: 0 :: kroupa :: midpoint :: Success
LC18 :: -1 :: 0 :: kroupa :: euler :: Success
LC18 :: -1 :: 0 :: salpeter :: simpson :: Success
LC18 :: -1 :: 0 :: salpeter :: trapezoid :: Success
LC18 :: -1 :: 0 :: salpeter :: midpoint :: Success
LC18 :: -1 :: 0 :: salpeter :: euler :: Success
LC18 :: -1 :: 150 :: kroupa :: simpson :: Success
LC18 :: -1 :: 150 :: kroupa :: trapezoid :: Success
LC18 :: -1 :: 150 :: kroupa :: midpoint :: Success
LC18 :: -1 :: 150 :: kroupa :: euler :: Success
LC18 :: -1 :: 150 :: salpeter :: simpson :: Success
LC18 :: -1 :: 150 :: salpeter :: trapezoid :: Success
LC18 :: -1 :: 150 :: salpeter :: midpoint :: Success
LC18 :: -1 :: 150 :: salpeter :: euler :: Success
LC18 :: -1 :: 300 :: kroupa :: simpson :: Success
LC18 :: -1 :: 300 :: kroupa :: trapezoid :: Success
LC18 :: -1 :: 300 :: kroupa :: midpoint :: Success
LC18 :: -1 :: 300 :: kroupa :: euler :: Success
LC18 :: -1 :: 300 :: salpeter :: simpson :: Success
LC18 :: -1 :: 300 :: salpeter :: trapezoid :: Success
LC18 :: -1 :: 300 :: salpeter :: midpoint :: Success
LC18 :: -1 :: 300 :: salpeter :: euler :: Success
LC18 :: 0 :: 0 :: kroupa :: simpson :: Success
LC18 :: 0 :: 0 :: kroupa :: trapezoid :: Success
LC18 :: 0 :: 0 :: kroupa :: midpoint :: Success
LC18 :: 0 :: 0 :: kroupa :: euler :: Success
LC18 :: 0 :: 0 :: salpeter :: simpson :: Success
LC18 :: 0 :: 0 :: salpeter :: trapezoid :: Success
LC18 :: 0 :: 0 :: salpeter :: midpoint :: Success
LC18 :: 0 :: 0 :: salpeter :: euler :: Success
LC18 :: 0 :: 150 :: kroupa :: simpson :: Success
LC18 :: 0 :: 150 :: kroupa :: trapezoid :: Success
LC18 :: 0 :: 150 :: kroupa :: midpoint :: Success
LC18 :: 0 :: 150 :: kroupa :: euler :: Success
LC18 :: 0 :: 150 :: salpeter :: simpson :: Success
LC18 :: 0 :: 150 :: salpeter :: trapezoid :: Success
LC18 :: 0 :: 150 :: salpeter :: midpoint :: Success
LC18 :: 0 :: 150 :: salpeter :: euler :: Success
LC18 :: 0 :: 300 :: kroupa :: simpson :: Success
LC18 :: 0 :: 300 :: kroupa :: trapezoid :: Success
LC18 :: 0 :: 300 :: kroupa :: midpoint :: Success
LC18 :: 0 :: 300 :: kroupa :: euler :: Success
LC18 :: 0 :: 300 :: salpeter :: simpson :: Success
LC18 :: 0 :: 300 :: salpeter :: trapezoid :: Success
LC18 :: 0 :: 300 :: salpeter :: midpoint :: Success
LC18 :: 0 :: 300 :: salpeter :: euler :: Success
CL13 :: 0 :: 0 :: kroupa :: simpson :: Success
CL13 :: 0 :: 0 :: kroupa :: trapezoid :: Success
CL13 :: 0 :: 0 :: kroupa :: midpoint :: Success
CL13 :: 0 :: 0 :: kroupa :: euler :: Success
CL13 :: 0 :: 0 :: salpeter :: simpson :: Success
CL13 :: 0 :: 0 :: salpeter :: trapezoid :: Success
CL13 :: 0 :: 0 :: salpeter :: midpoint :: Success
CL13 :: 0 :: 0 :: salpeter :: euler :: Success
CL13 :: 0 :: 300 :: kroupa :: simpson :: Success
CL13 :: 0 :: 300 :: kroupa :: trapezoid :: Success
CL13 :: 0 :: 300 :: kroupa :: midpoint :: Success
CL13 :: 0 :: 300 :: kroupa :: euler :: Success
CL13 :: 0 :: 300 :: salpeter :: simpson :: Success
CL13 :: 0 :: 300 :: salpeter :: trapezoid :: Success
CL13 :: 0 :: 300 :: salpeter :: midpoint :: Success
CL13 :: 0 :: 300 :: salpeter :: euler :: Success
CL04 :: -inf :: 0 :: kroupa :: simpson :: Success
CL04 :: -inf :: 0 :: kroupa :: trapezoid :: Success
CL04 :: -inf :: 0 :: kroupa :: midpoint :: Success
CL04 :: -inf :: 0 :: kroupa :: euler :: Success
CL04 :: -inf :: 0 :: salpeter :: simpson :: Success
CL04 :: -inf :: 0 :: salpeter :: trapezoid :: Success
CL04 :: -inf :: 0 :: salpeter :: midpoint :: Success
CL04 :: -inf :: 0 :: salpeter :: euler :: Success
CL04 :: -4 :: 0 :: kroupa :: simpson :: Success
CL04 :: -4 :: 0 :: kroupa :: trapezoid :: Success
CL04 :: -4 :: 0 :: kroupa :: midpoint :: Success
CL04 :: -4 :: 0 :: kroupa :: euler :: Success
CL04 :: -4 :: 0 :: salpeter :: simpson :: Success
CL04 :: -4 :: 0 :: salpeter :: trapezoid :: Success
CL04 :: -4 :: 0 :: salpeter :: midpoint :: Success
CL04 :: -4 :: 0 :: salpeter :: euler :: Success
CL04 :: -2 :: 0 :: kroupa :: simpson :: Success
CL04 :: -2 :: 0 :: kroupa :: trapezoid :: Success
CL04 :: -2 :: 0 :: kroupa :: midpoint :: Success
CL04 :: -2 :: 0 :: kroupa :: euler :: Success
CL04 :: -2 :: 0 :: salpeter :: simpson :: Success
CL04 :: -2 :: 0 :: salpeter :: trapezoid :: Success
CL04 :: -2 :: 0 :: salpeter :: midpoint :: Success
CL04 :: -2 :: 0 :: salpeter :: euler :: Success
CL04 :: -1 :: 0 :: kroupa :: simpson :: Success
CL04 :: -1 :: 0 :: kroupa :: trapezoid :: Success
CL04 :: -1 :: 0 :: kroupa :: midpoint :: Success
CL04 :: -1 :: 0 :: kroupa :: euler :: Success
CL04 :: -1 :: 0 :: salpeter :: simpson :: Success
CL04 :: -1 :: 0 :: salpeter :: trapezoid :: Success
CL04 :: -1 :: 0 :: salpeter :: midpoint :: Success
CL04 :: -1 :: 0 :: salpeter :: euler :: Success
CL04 :: -0.37 :: 0 :: kroupa :: simpson :: Success
CL04 :: -0.37 :: 0 :: kroupa :: trapezoid :: Success
CL04 :: -0.37 :: 0 :: kroupa :: midpoint :: Success
CL04 :: -0.37 :: 0 :: kroupa :: euler :: Success
CL04 :: -0.37 :: 0 :: salpeter :: simpson :: Success
CL04 :: -0.37 :: 0 :: salpeter :: trapezoid :: Success
CL04 :: -0.37 :: 0 :: salpeter :: midpoint :: Success
CL04 :: -0.37 :: 0 :: salpeter :: euler :: Success
CL04 :: 0.15 :: 0 :: kroupa :: simpson :: Success
CL04 :: 0.15 :: 0 :: kroupa :: trapezoid :: Success
CL04 :: 0.15 :: 0 :: kroupa :: midpoint :: Success
CL04 :: 0.15 :: 0 :: kroupa :: euler :: Success
CL04 :: 0.15 :: 0 :: salpeter :: simpson :: Success
CL04 :: 0.15 :: 0 :: salpeter :: trapezoid :: Success
CL04 :: 0.15 :: 0 :: salpeter :: midpoint :: Success
CL04 :: 0.15 :: 0 :: salpeter :: euler :: Success
WW95 :: -inf :: 0 :: kroupa :: simpson :: Success
WW95 :: -inf :: 0 :: kroupa :: trapezoid :: Success
WW95 :: -inf :: 0 :: kroupa :: midpoint :: Success
WW95 :: -inf :: 0 :: kroupa :: euler :: Success
WW95 :: -inf :: 0 :: salpeter :: simpson :: Success
WW95 :: -inf :: 0 :: salpeter :: trapezoid :: Success
WW95 :: -inf :: 0 :: salpeter :: midpoint :: Success
WW95 :: -inf :: 0 :: salpeter :: euler :: Success
WW95 :: -4 :: 0 :: kroupa :: simpson :: Success
WW95 :: -4 :: 0 :: kroupa :: trapezoid :: Success
WW95 :: -4 :: 0 :: kroupa :: midpoint :: Success
WW95 :: -4 :: 0 :: kroupa :: euler :: Success
WW95 :: -4 :: 0 :: salpeter :: simpson :: Success
WW95 :: -4 :: 0 :: salpeter :: trapezoid :: Success
WW95 :: -4 :: 0 :: salpeter :: midpoint :: Success
WW95 :: -4 :: 0 :: salpeter :: euler :: Success
WW95 :: -2 :: 0 :: kroupa :: simpson :: Success
WW95 :: -2 :: 0 :: kroupa :: trapezoid :: Success
WW95 :: -2 :: 0 :: kroupa :: midpoint :: Success
WW95 :: -2 :: 0 :: kroupa :: euler :: Success
WW95 :: -2 :: 0 :: salpeter :: simpson :: Success
WW95 :: -2 :: 0 :: salpeter :: trapezoid :: Success
WW95 :: -2 :: 0 :: salpeter :: midpoint :: Success
WW95 :: -2 :: 0 :: salpeter :: euler :: Success
WW95 :: -1 :: 0 :: kroupa :: simpson :: Success
WW95 :: -1 :: 0 :: kroupa :: trapezoid :: Success
WW95 :: -1 :: 0 :: kroupa :: midpoint :: Success
WW95 :: -1 :: 0 :: kroupa :: euler :: Success
WW95 :: -1 :: 0 :: salpeter :: simpson :: Success
WW95 :: -1 :: 0 :: salpeter :: trapezoid :: Success
WW95 :: -1 :: 0 :: salpeter :: midpoint :: Success
WW95 :: -1 :: 0 :: salpeter :: euler :: Success
WW95 :: 0 :: 0 :: kroupa :: simpson :: Success
WW95 :: 0 :: 0 :: kroupa :: trapezoid :: Success
WW95 :: 0 :: 0 :: kroupa :: midpoint :: Success
WW95 :: 0 :: 0 :: kroupa :: euler :: Success
WW95 :: 0 :: 0 :: salpeter :: simpson :: Success
WW95 :: 0 :: 0 :: salpeter :: trapezoid :: Success
WW95 :: 0 :: 0 :: salpeter :: midpoint :: Success
WW95 :: 0 :: 0 :: salpeter :: euler :: Success
