vice.singlezone :: 2304 successes :: 0 failures 
vice.history :: 2304 successes :: 0 failures 
vice.mdf :: 2304 successes :: 0 failures 
vice.output :: 2304 successes :: 0 failures 
vice.mirror :: 2304 successes :: 0 failures 
	