iwamoto99 :: W7 :: single: Success :: fractional: Success
iwamoto99 :: W70 :: single: Success :: fractional: Success
iwamoto99 :: WDD1 :: single: Success :: fractional: Success
iwamoto99 :: WDD2 :: single: Success :: fractional: Success
iwamoto99 :: WDD3 :: single: Success :: fractional: Success
iwamoto99 :: CDD1 :: single: Success :: fractional: Success
iwamoto99 :: CDD2 :: single: Success :: fractional: Success
seitenzahl13 :: N1 :: single: Success :: fractional: Success
seitenzahl13 :: N3 :: single: Success :: fractional: Success
seitenzahl13 :: N5 :: single: Success :: fractional: Success
seitenzahl13 :: N10 :: single: Success :: fractional: Success
seitenzahl13 :: N40 :: single: Success :: fractional: Success
seitenzahl13 :: N100H :: single: Success :: fractional: Success
seitenzahl13 :: N100 :: single: Success :: fractional: Success
seitenzahl13 :: N100L :: single: Success :: fractional: Success
seitenzahl13 :: N150 :: single: Success :: fractional: Success
seitenzahl13 :: N200 :: single: Success :: fractional: Success
seitenzahl13 :: N300C :: single: Success :: fractional: Success
seitenzahl13 :: N1600 :: single: Success :: fractional: Success
seitenzahl13 :: N100_Z0.5 :: single: Success :: fractional: Success
seitenzahl13 :: N100_Z0.1 :: single: Success :: fractional: Success
seitenzahl13 :: N100_Z0.01 :: single: Success :: fractional: Success
